Initialized native services in: C:\Users\jfran\.gradle\native
Initialized jansi services in: C:\Users\jfran\.gradle\native
Found daemon DaemonInfo{pid=30756, address=[d7ed0a3d-70cf-4543-b3e2-1087923c166e port:50541, addresses:[/127.0.0.1]], state=Idle, lastBusy=1773263315214, context=DefaultDaemonContext[uid=a19cd503-ff90-4efe-b542-6dcf58b137b7,javaHome=C:\Program Files\Microsoft\jdk-17.0.17.10-hotspot,javaVersion=17,javaVendor=Microsoft,daemonRegistryDir=C:\Users\jfran\.gradle\daemon,pid=30756,idleTimeout=10800000,priority=NORMAL,applyInstrumentationAgent=true,nativeServicesMode=ENABLED,daemonOpts=-XX:MaxMetaspaceSize=384m,-XX:+HeapDumpOnOutOfMemoryError,-Xms256m,-Xmx512m,-Dfile.encoding=UTF-8,-Duser.country=CO,-Duser.language=es,-Duser.variant]} however its context does not match the desired criteria.
At least one daemon option is different.
Wanted: DaemonRequestContext{jvmCriteria=C:\Program Files\Microsoft\jdk-17.0.17.10-hotspot (no JDK specified, using current Java home), daemonOpts=[-XX:MaxMetaspaceSize=384m, -XX:+HeapDumpOnOutOfMemoryError, -Xms256m, -Xmx512m, -Dfile.encoding=windows-1252, -Duser.country=CO, -Duser.language=es, -Duser.variant], applyInstrumentationAgent=true, nativeServicesMode=ENABLED, priority=NORMAL}
Actual: DefaultDaemonContext[uid=a19cd503-ff90-4efe-b542-6dcf58b137b7,javaHome=C:\Program Files\Microsoft\jdk-17.0.17.10-hotspot,javaVersion=17,javaVendor=Microsoft,daemonRegistryDir=C:\Users\jfran\.gradle\daemon,pid=30756,idleTimeout=10800000,priority=NORMAL,applyInstrumentationAgent=true,nativeServicesMode=ENABLED,daemonOpts=-XX:MaxMetaspaceSize=384m,-XX:+HeapDumpOnOutOfMemoryError,-Xms256m,-Xmx512m,-Dfile.encoding=UTF-8,-Duser.country=CO,-Duser.language=es,-Duser.variant]

  Looking for a different daemon...
The client will now receive all logging from the daemon (pid: 33992). The daemon log file: C:\Users\jfran\.gradle\daemon\9.2.0\daemon-33992.out.log
Starting 3rd build in daemon [uptime: 1 hrs 7 mins 5.095 secs, performance: 100%, GC rate: 0.00/s, heap usage: 0% of 512 MiB, non-heap usage: 25% of 384 MiB]
Using 12 worker leases.
Operational build model parameters: {requiresToolingModels=false, parallelProjectExecution=false, configureOnDemand=false, configurationCache=false, configurationCacheParallelStore=false, configurationCacheParallelLoad=true, isolatedProjects=false, parallelProjectConfiguration=false, intermediateModelCache=false, parallelToolingApiActions=false, invalidateCoupledProjects=false, modelAsProjectDependency=false, resilientModelBuilding=false}
Now considering [C:\Users\jfran\Documents\projects\week5WebAutomation\AUTO_FRONT_POM_FACTORY] as hierarchies to watch
Watching the file system is configured to be enabled if available
File system watching is active
Starting Build
Resolved plugin [id: 'org.gradle.toolchains.foojay-resolver-convention', version: '1.0.0']
Settings evaluated using settings file 'C:\Users\jfran\Documents\projects\week5WebAutomation\AUTO_FRONT_POM_FACTORY\settings.gradle'.
Projects loaded. Root project using build file 'C:\Users\jfran\Documents\projects\week5WebAutomation\AUTO_FRONT_POM_FACTORY\build.gradle'.
Included projects: [root project 'auto_front_pom_factory_init']

> Configure project :
Evaluating root project 'auto_front_pom_factory_init' using build file 'C:\Users\jfran\Documents\projects\week5WebAutomation\AUTO_FRONT_POM_FACTORY\build.gradle'.
All projects evaluated.
Task name matched 'clean'
Task name matched 'test'
Selected primary task 'clean' from project :
Selected primary task 'test' from project :
Tasks to be executed: [task ':clearReports', task ':clean', task ':compileJava', task ':processResources', task ':classes', task ':compileTestJava', task ':processTestResources', task ':testClasses', task ':test', task ':reports', task ':aggregate']
Tasks that were excluded: []
Resolve mutations for :clearReports (Thread[Execution worker,5,main]) started.
:clearReports (Thread[Execution worker,5,main]) started.

> Task :clearReports
Caching disabled for task ':clearReports' because:
  Build cache is disabled
Task ':clearReports' is not up-to-date because:
  Task has not declared any outputs despite executing actions.
Resolve mutations for :clean (Thread[Execution worker,5,main]) started.
:clean (Thread[Execution worker,5,main]) started.
destroyer locations for task group 0 (Thread[included builds,5,main]) started.

> Task :clean
Caching disabled for task ':clean' because:
  Build cache is disabled
Task ':clean' is not up-to-date because:
  Task has not declared any outputs despite executing actions.
Resolve mutations for :compileJava (Thread[Execution worker,5,main]) started.
:compileJava (Thread[Execution worker,5,main]) started.

> Task :compileJava NO-SOURCE
Skipping task ':compileJava' as it has no source files and no previous output files.
Resolve mutations for :processResources (Thread[Execution worker,5,main]) started.
:processResources (Thread[Execution worker,5,main]) started.

> Task :processResources NO-SOURCE
Skipping task ':processResources' as it has no source files and no previous output files.
Resolve mutations for :classes (Thread[Execution worker,5,main]) started.
:classes (Thread[Execution worker,5,main]) started.

> Task :classes UP-TO-DATE
Skipping task ':classes' as it has no actions.
Resolve mutations for :compileTestJava (Thread[Execution worker,5,main]) started.
:compileTestJava (Thread[Execution worker,5,main]) started.

> Task :compileTestJava
Caching disabled for task ':compileTestJava' because:
  Build cache is disabled
Task ':compileTestJava' is not up-to-date because:
  Output property 'destinationDirectory' file C:\Users\jfran\Documents\projects\week5WebAutomation\AUTO_FRONT_POM_FACTORY\build\classes\java\test has been removed.
  Output property 'destinationDirectory' file C:\Users\jfran\Documents\projects\week5WebAutomation\AUTO_FRONT_POM_FACTORY\build\classes\java\test\com has been removed.
  Output property 'destinationDirectory' file C:\Users\jfran\Documents\projects\week5WebAutomation\AUTO_FRONT_POM_FACTORY\build\classes\java\test\com\restaurante has been removed.
  and more...
The input changes require a full rebuild for incremental task ':compileTestJava'.
Compilation mode: in-process compilation
Full recompilation is required because no incremental change information is available. This is usually caused by clean builds or changing compiler arguments.
Compiling with toolchain 'C:\Program Files\Microsoft\jdk-17.0.17.10-hotspot'.
Compiling with JDK Java compiler API.
Class dependency analysis for incremental compilation took 0.018 secs.
Created classpath snapshot for incremental compilation in 0.07 secs.
Resolve mutations for :processTestResources (Thread[Execution worker,5,main]) started.
:processTestResources (Thread[Execution worker,5,main]) started.

> Task :processTestResources
Caching disabled for task ':processTestResources' because:
  Build cache is disabled
  Not worth caching
Task ':processTestResources' is not up-to-date because:
  Output property 'destinationDir' file C:\Users\jfran\Documents\projects\week5WebAutomation\AUTO_FRONT_POM_FACTORY\build\resources\test has been removed.
  Output property 'destinationDir' file C:\Users\jfran\Documents\projects\week5WebAutomation\AUTO_FRONT_POM_FACTORY\build\resources\test\cucumber.properties has been removed.
  Output property 'destinationDir' file C:\Users\jfran\Documents\projects\week5WebAutomation\AUTO_FRONT_POM_FACTORY\build\resources\test\features has been removed.
  and more...
Resolve mutations for :testClasses (Thread[Execution worker Thread 7,5,main]) started.
:testClasses (Thread[Execution worker Thread 7,5,main]) started.

> Task :testClasses
Skipping task ':testClasses' as it has no actions.
Resolve mutations for :test (Thread[Execution worker Thread 7,5,main]) started.
:test (Thread[Execution worker Thread 7,5,main]) started.

> Task :test
Caching disabled for task ':test' because:
  Build cache is disabled
Task ':test' is not up-to-date because:
  Value of input property 'systemProperties' has changed for task ':test'
Starting process 'Gradle Test Executor 3'. Working directory: C:\Users\jfran\Documents\projects\week5WebAutomation\AUTO_FRONT_POM_FACTORY Command: C:\Program Files\Microsoft\jdk-17.0.17.10-hotspot\bin\java.exe -Dorg.gradle.internal.worker.tmpdir=C:\Users\jfran\Documents\projects\week5WebAutomation\AUTO_FRONT_POM_FACTORY\build\tmp\test\work -Dserenity.outputDirectory=C:\Users\jfran\Documents\projects\week5WebAutomation\AUTO_FRONT_POM_FACTORY/target/site/serenity -Dserenity.project.name=AUTO_FRONT_POM_FACTORY @C:\Users\jfran\.gradle\.tmp\gradle-worker-classpath14404939301711799117txt -Xmx512m -Dfile.encoding=windows-1252 -Duser.country=CO -Duser.language=es -Duser.variant -ea worker.org.gradle.process.internal.worker.GradleWorkerMain 'Gradle Test Executor 3'
Successfully started process 'Gradle Test Executor 3'

Gradle Test Executor 3 started executing tests.

> Task :test

TestRunnerUsuarioInteracciones > Cucumber > Flujo completo de pedido en restaurante > Realizar un pedido completo en el restaurante > Examples > com.restaurante.runners.TestRunnerUsuarioInteracciones.Example #1.1 STANDARD_ERROR
    SLF4J(W): No SLF4J providers were found.
    SLF4J(W): Defaulting to no-operation (NOP) logger implementation
    SLF4J(W): See https://www.slf4j.org/codes.html#noProviders for further details.
    SLF4J(W): Class path contains SLF4J bindings targeting slf4j-api versions 1.7.x or earlier.
    SLF4J(W): Ignoring binding found at [jar:file:/C:/Users/jfran/.gradle/caches/modules-2/files-2.1/ch.qos.logback/logback-classic/1.2.10/f69d97ef3335c6ab82fc21dfb77ac613f90c1221/logback-classic-1.2.10.jar!/org/slf4j/impl/StaticLoggerBinder.class]
    SLF4J(W): See https://www.slf4j.org/codes.html#ignoredBindings for an explanation.

TestRunnerUsuarioInteracciones > Cucumber > Flujo completo de pedido en restaurante > Realizar un pedido completo en el restaurante > Examples > com.restaurante.runners.TestRunnerUsuarioInteracciones.Example #1.1 STANDARD_OUT
    Revisando y eliminando productos del carrito
    Usuario es redirigido a la p├ígina de confirmaci├│n del pedido

Gradle Test Executor 3 finished executing tests.

> Task :test
Finished generating test XML results (0.001 secs) into: C:\Users\jfran\Documents\projects\week5WebAutomation\AUTO_FRONT_POM_FACTORY\build\test-results\test
Generating HTML test report...
Finished generating test html results (0.011 secs) into: C:\Users\jfran\Documents\projects\week5WebAutomation\AUTO_FRONT_POM_FACTORY\build\reports\tests\test
Resolve mutations for :reports (Thread[Execution worker Thread 7,5,main]) started.
:reports (Thread[Execution worker Thread 7,5,main]) started.

> Task :reports
Caching disabled for task ':reports' because:
  Build cache is disabled
  Caching has not been enabled for the task
Task ':reports' is not up-to-date because:
  Output property 'reportDirectory' file C:\Users\jfran\Documents\projects\week5WebAutomation\AUTO_FRONT_POM_FACTORY\target\site\serenity\serenity-summary.html has been removed.
Generating Additional Serenity Reports for auto_front_pom_factory_init to directory C:\Users\jfran\Documents\projects\week5WebAutomation\AUTO_FRONT_POM_FACTORY\target\site\serenity
  - Single Page HTML Summary: file:///C:/Users/jfran/Documents/projects/week5WebAutomation/AUTO_FRONT_POM_FACTORY/target/site/serenity/serenity-summary.html
Resolve mutations for :aggregate (Thread[Execution worker Thread 7,5,main]) started.
:aggregate (Thread[Execution worker Thread 7,5,main]) started.

> Task :aggregate
Caching disabled for task ':aggregate' because:
  Build cache is disabled
  Gradle does not know how file 'target\site\serenity\serenity-summary.html' was created (output property '$1'). Task output caching requires exclusive access to output paths to guarantee correctness (i.e. multiple tasks are not allowed to produce output in the same location).
Task ':aggregate' is not up-to-date because:
  Output property '$1' file C:\Users\jfran\Documents\projects\week5WebAutomation\AUTO_FRONT_POM_FACTORY\target\site\serenity\0582fd0600891435623979e560bfd1b6a0f7596ba510c185779092e3dc76027c.html has been removed.
  Output property '$1' file C:\Users\jfran\Documents\projects\week5WebAutomation\AUTO_FRONT_POM_FACTORY\target\site\serenity\576946480b52ad056d6f5bddf874399c83582ecf90963cc074a14c70580e7d9f.html has been removed.
  Output property '$1' file C:\Users\jfran\Documents\projects\week5WebAutomation\AUTO_FRONT_POM_FACTORY\target\site\serenity\android-icon-144x144.png has been removed.
  and more...
Generating Serenity Reports
  - Main report: file:///C:/Users/jfran/Documents/projects/week5WebAutomation/AUTO_FRONT_POM_FACTORY/target/site/serenity/index.html
      - Test Root: null
      - Requirements base directory: null
GENERATING REPORTS USING 24 THREADS

------------------------------------------------------------------------
Serenity BDD Test Results
  - Report guide: https://serenity-bdd.github.io
  - Results: 0 tests | 0 passed | 0 failed | 0 errors | 0 compromised | 0 pending | 0 aborted
------------------------------------------------------------------------

Generating Serenity BDD Reports
